[demoxml.com/html/nimis/index-2.html]
[backblue.gif]
[fade.gif]
[index.html]
[maxcdn.bootstrapcdn.com/font-awesome/4.1.0/css/font-awesome.min.css]
[code.jquery.com/ui/1.11.4/themes/smoothness/jquery-ui.css]
[demoxml.com/html/nimis/css/owl.carousel.css]
[demoxml.com/html/nimis/css/owl.transitions.css]
[demoxml.com/html/nimis/css/owl.theme.css]
[demoxml.com/html/nimis/css/jquery.bxslider.css]
[demoxml.com/html/nimis/css/bootstrap-select.min.css]
[demoxml.com/html/nimis/css/lightbox.css]
[demoxml.com/html/nimis/js/rs-plugin/css/settings.css]
[demoxml.com/html/nimis/css/bootstrap.css]
[demoxml.com/html/nimis/css/responsive.css]
[demoxml.com/html/nimis/style.css]
[demoxml.com/html/nimis/images/apple-touch-icon-precomposed.png]
[demoxml.com/html/nimis/images/favicon.ico]
[demoxml.com/html/nimis/images/car.png]
[demoxml.com/html/nimis/images/flag.png]
[demoxml.com/html/nimis/index.html]
[demoxml.com/html/nimis/images/logo.png]
[demoxml.com/html/nimis/checkout.html]
[demoxml.com/html/nimis/category-2.html]
[demoxml.com/html/nimis/category-1.html]
[demoxml.com/html/nimis/product-detail.html]
[demoxml.com/html/nimis/cart.html]
[demoxml.com/html/nimis/single-blog.html]
[demoxml.com/html/nimis/contact.html]
[demoxml.com/html/nimis/404.html]
[demoxml.com/html/nimis/blog.html]
[demoxml.com/html/nimis/images/bag.png]
[demoxml.com/html/nimis/images/c_item1.jpg]
[demoxml.com/html/nimis/images/close.png]
[demoxml.com/html/nimis/images/c_item2.jpg]
[demoxml.com/html/nimis/index-3.html]
[demoxml.com/html/nimis/images/menu_cat.png]
[demoxml.com/html/nimis/images/slider-temp2.jpg]
[demoxml.com/html/nimis/images/sep-b2.png]
[demoxml.com/html/nimis/images/offer-tag.png]
[demoxml.com/html/nimis/images/slider-temp.jpg]
[demoxml.com/html/nimis/images/phone.png]
[demoxml.com/html/nimis/images/world.png]
[demoxml.com/html/nimis/images/discount.png]
[demoxml.com/html/nimis/images/return.png]
[demoxml.com/html/nimis/images/promo_img1.jpg]
[demoxml.com/html/nimis/images/promo_img11.jpg]
[demoxml.com/html/nimis/images/promo_img2.jpg]
[demoxml.com/html/nimis/images/promo_img22.jpg]
[demoxml.com/html/nimis/images/promo_img3.jpg]
[demoxml.com/html/nimis/images/promo_img33.jpg]
[demoxml.com/html/nimis/images/promo_img4.jpg]
[demoxml.com/html/nimis/images/promo_img44.jpg]
[demoxml.com/html/nimis/images/t_item1.jpg]
[demoxml.com/html/nimis/images/t_item2.jpg]
[demoxml.com/html/nimis/images/t_item3.jpg]
[demoxml.com/html/nimis/images/t_item4.jpg]
[demoxml.com/html/nimis/images/t_item14.jpg]
[demoxml.com/html/nimis/images/t_item7.jpg]
[demoxml.com/html/nimis/images/t_item5.jpg]
[demoxml.com/html/nimis/images/t_item6.jpg]
[demoxml.com/html/nimis/images/t_item12.jpg]
[demoxml.com/html/nimis/images/t_item8.jpg]
[demoxml.com/html/nimis/images/t_item9.jpg]
[demoxml.com/html/nimis/images/t_item11.jpg]
[demoxml.com/html/nimis/images/blog1.jpg]
[demoxml.com/html/nimis/images/blog2.jpg]
[demoxml.com/html/nimis/images/msg.png]
[demoxml.com/html/nimis/images/client_qoute.png]
[demoxml.com/html/nimis/images/brand1.png]
[demoxml.com/html/nimis/images/brand2.png]
[demoxml.com/html/nimis/images/brand3.png]
[demoxml.com/html/nimis/images/brand4.png]
[demoxml.com/html/nimis/images/brand5.png]
[demoxml.com/html/nimis/images/brand6.png]
[demoxml.com/html/nimis/images/pay1.png]
[demoxml.com/html/nimis/images/pay2.png]
[demoxml.com/html/nimis/images/pay3.png]
[demoxml.com/html/nimis/images/pay4.png]
[demoxml.com/html/nimis/images/pay5.png]
[code.jquery.com/jquery.min.js]
[code.jquery.com/ui/1.11.4/jquery-ui.js]
[demoxml.com/html/nimis/js/owl.carousel.min.js]
[demoxml.com/html/nimis/js/lightbox.min.js]
[demoxml.com/html/nimis/js/jquery.elevatezoom.js]
[demoxml.com/html/nimis/js/bootstrap-select.min.js]
[demoxml.com/html/nimis/js/rs-plugin/js/jquery.themepunch.plugins.min.js]
[demoxml.com/html/nimis/js/rs-plugin/js/jquery.themepunch.revolution.min.js]
[demoxml.com/html/nimis/js/rs-plugin/rs.home.js]
[demoxml.com/html/nimis/js/main.js]
[demoxml.com/html/nimis/index-2.html]
[maxcdn.bootstrapcdn.com/font-awesome/4.1.0/css/font-awesome.min.css]
[code.jquery.com/ui/1.11.4/themes/smoothness/images/ui-bg_flat_75_ffffff_40x100.png]
[code.jquery.com/ui/1.11.4/themes/smoothness/images/ui-bg_highlight-soft_75_cccccc_1x100.png]
[code.jquery.com/ui/1.11.4/themes/smoothness/images/ui-bg_glass_75_e6e6e6_1x400.png]
[code.jquery.com/ui/1.11.4/themes/smoothness/images/ui-bg_glass_75_dadada_1x400.png]
[code.jquery.com/ui/1.11.4/themes/smoothness/images/ui-bg_glass_65_ffffff_1x400.png]
[code.jquery.com/ui/1.11.4/themes/smoothness/images/ui-bg_glass_55_fbf9ee_1x400.png]
[code.jquery.com/ui/1.11.4/themes/smoothness/images/ui-bg_glass_95_fef1ec_1x400.png]
[code.jquery.com/ui/1.11.4/themes/smoothness/images/ui-icons_222222_256x240.png]
[code.jquery.com/ui/1.11.4/themes/smoothness/images/ui-icons_888888_256x240.png]
[code.jquery.com/ui/1.11.4/themes/smoothness/images/ui-icons_454545_256x240.png]
[demoxml.com/html/nimis/js/bootstrap.min.js]
[code.jquery.com/ui/1.11.4/themes/smoothness/images/ui-icons_2e83ff_256x240.png]
[code.jquery.com/ui/1.11.4/themes/smoothness/images/ui-icons_cd0a0a_256x240.png]
[code.jquery.com/ui/1.11.4/themes/smoothness/images/ui-bg_flat_0_aaaaaa_40x100.png]
[code.jquery.com/ui/1.11.4/themes/smoothness/jquery-ui.css]
[demoxml.com/html/nimis/css/grabbing.png]
[demoxml.com/html/nimis/css/owl.carousel.css]
[demoxml.com/html/nimis/css/owl.transitions.css]
[demoxml.com/html/nimis/css/AjaxLoader.gif]
[demoxml.com/html/nimis/css/owl.theme.css]
[demoxml.com/html/nimis/css/images/bx_loader.gif]
[demoxml.com/html/nimis/images/arrow-l.png]
[demoxml.com/html/nimis/images/arrow-r.png]
[demoxml.com/html/nimis/css/images/controls.png]
[demoxml.com/html/nimis/css/jquery.bxslider.css]
[demoxml.com/html/nimis/css/bootstrap-select.min.css]
[demoxml.com/html/nimis/img/close.png]
[demoxml.com/html/nimis/img/loading.gif]
[demoxml.com/html/nimis/img/prev.png]
[demoxml.com/html/nimis/img/next.png]
[demoxml.com/html/nimis/css/lightbox.css]
[demoxml.com/html/nimis/js/rs-plugin/images/gradient/g30.png]
[demoxml.com/html/nimis/js/rs-plugin/images/gradient/g40.png]
[demoxml.com/html/nimis/js/rs-plugin/assets/shadow1.png]
[demoxml.com/html/nimis/js/rs-plugin/assets/shadow2.png]
[demoxml.com/html/nimis/js/rs-plugin/assets/shadow3.png]
[demoxml.com/html/nimis/js/rs-plugin/assets/boxed_bgtile.png]
[demoxml.com/html/nimis/js/rs-plugin/assets/navigdots_bgtile.png]
[demoxml.com/html/nimis/js/rs-plugin/assets/bullet.png]
[demoxml.com/html/nimis/js/rs-plugin/assets/bullets.png]
[demoxml.com/html/nimis/js/rs-plugin/assets/bullets2.png]
[demoxml.com/html/nimis/js/rs-plugin/assets/bullet_boxed.png]
[demoxml.com/html/nimis/js/rs-plugin/assets/navigdots.png]
[demoxml.com/html/nimis/js/rs-plugin/assets/large_left.png]
[demoxml.com/html/nimis/js/rs-plugin/assets/large_right.png]
[demoxml.com/html/nimis/js/rs-plugin/assets/small_left.png]
[demoxml.com/html/nimis/js/rs-plugin/assets/small_right.png]
[demoxml.com/html/nimis/js/rs-plugin/assets/arrow_left.png]
[demoxml.com/html/nimis/js/rs-plugin/assets/arrow_right.png]
[demoxml.com/html/nimis/js/rs-plugin/assets/small_left_boxed.png]
[demoxml.com/html/nimis/js/rs-plugin/assets/small_right_boxed.png]
[demoxml.com/html/nimis/js/rs-plugin/assets/arrowleft.png]
[demoxml.com/html/nimis/js/rs-plugin/assets/arrowright.png]
[demoxml.com/html/nimis/js/rs-plugin/assets/arrow_left2.png]
[demoxml.com/html/nimis/js/rs-plugin/assets/arrow_right2.png]
[demoxml.com/html/nimis/js/rs-plugin/assets/arrow_left3.png]
[demoxml.com/html/nimis/js/rs-plugin/assets/arrow_right3.png]
[demoxml.com/html/nimis/js/rs-plugin/assets/arrow_left3_hr.png]
[demoxml.com/html/nimis/js/rs-plugin/assets/arrow_right3_hr.png]
[demoxml.com/html/nimis/js/rs-plugin/assets/timer.png]
[demoxml.com/html/nimis/js/rs-plugin/assets/coloredbg.png]
[demoxml.com/html/nimis/js/rs-plugin/assets/loader.gif]
[demoxml.com/html/nimis/js/rs-plugin/font/revicons90c6.eot]
[demoxml.com/html/nimis/js/rs-plugin/font/revicons90c6.woff]
[demoxml.com/html/nimis/js/rs-plugin/font/revicons90c6.ttf]
[demoxml.com/html/nimis/js/rs-plugin/font/revicons90c6.svg]
[demoxml.com/html/nimis/js/rs-plugin/css/settings.css]
[demoxml.com/html/nimis/fonts/glyphicons-halflings-regular.eot]
[demoxml.com/html/nimis/fonts/glyphicons-halflings-regulard41d.eot]
[demoxml.com/html/nimis/fonts/glyphicons-halflings-regular.woff]
[demoxml.com/html/nimis/fonts/glyphicons-halflings-regular.ttf]
[demoxml.com/html/nimis/fonts/glyphicons-halflings-regular.svg]
[demoxml.com/html/nimis/css/bootstrap.css]
[demoxml.com/html/nimis/fonts/mns_trial-webfont.eot]
[demoxml.com/html/nimis/fonts/mns_trial-webfontd41d.eot]
[demoxml.com/html/nimis/fonts/mns_trial-webfont.woff2]
[demoxml.com/html/nimis/fonts/mns_trial-webfont.woff]
[demoxml.com/html/nimis/fonts/mns_trial-webfont.ttf]
[demoxml.com/html/nimis/images/wishlist_bg.png]
[demoxml.com/html/nimis/images/x-m.jpg]
[demoxml.com/html/nimis/images/breadcumb_bg.jpg]
[demoxml.com/html/nimis/fonts/mns_trial-webfont.svg]
[demoxml.com/html/nimis/images/404_slider.jpg]
[demoxml.com/html/nimis/images/blog_bg.jpg]
[demoxml.com/html/nimis/images/blog_li.png]
[demoxml.com/html/nimis/images/contact_bg.jpg]
[demoxml.com/html/nimis/images/plus.png]
[demoxml.com/html/nimis/images/minus.png]
[demoxml.com/html/nimis/style.css]
[demoxml.com/html/nimis/images/x-man.jpg]
[demoxml.com/html/nimis/images/x-man2.jpg]
[demoxml.com/html/nimis/css/responsive.css]
[demoxml.com/html/nimis/images/sep-b.png]
[demoxml.com/html/nimis/images/t_item13.jpg]
[demoxml.com/html/nimis/images/t_item15.jpg]
[demoxml.com/html/nimis/images/t_item10.jpg]
[demoxml.com/html/nimis/images/t_item16.jpg]
[demoxml.com/html/nimis/images/t_to1.png]
[demoxml.com/html/nimis/images/t_to2.png]
[demoxml.com/html/nimis/images/t_to3.png]
[demoxml.com/html/nimis/images/t_to4.png]
[demoxml.com/html/nimis/images/t_to5.png]
[demoxml.com/html/nimis/images/t_to6.png]
[demoxml.com/html/nimis/images/t_to8.png]
[demoxml.com/html/nimis/images/t_to9.png]
[demoxml.com/html/nimis/images/t_to7.png]
[demoxml.com/html/nimis/js/jquery.bxslider.min.js]
[demoxml.com/html/nimis/index.html]
[demoxml.com/html/nimis/checkout.html]
[demoxml.com/html/nimis/images/filter_ico.png]
[demoxml.com/html/nimis/category-1.html]
[demoxml.com/html/nimis/images/filter_ico_off.png]
[demoxml.com/html/nimis/category-2.html]
[demoxml.com/html/nimis/images/small_img1.jpg]
[demoxml.com/html/nimis/images/p_thumb.png]
[demoxml.com/html/nimis/images/p_thumb2.png]
[demoxml.com/html/nimis/images/single-large.jpg]
[demoxml.com/html/nimis/images/product-plus.png]
[demoxml.com/html/nimis/images/Product-Details-04.jpg]
[demoxml.com/html/nimis/images/single-large1.png]
[demoxml.com/html/nimis/images/product_detail_05.png]
[demoxml.com/html/nimis/images/single-large2.png]
[demoxml.com/html/nimis/images/product_detail_06.png]
[demoxml.com/html/nimis/images/Product-Details-heart.png]
[demoxml.com/html/nimis/images/Product-Details-arrow.png]
[demoxml.com/html/nimis/images/single_rv1.png]
[demoxml.com/html/nimis/images/single_rv2.png]
[demoxml.com/html/nimis/product-detail.html]
[demoxml.com/html/nimis/images/cart_img1.jpg]
[demoxml.com/html/nimis/images/cart_img2.jpg]
[demoxml.com/html/nimis/images/cart_img3.jpg]
[demoxml.com/html/nimis/images/cart_img4.jpg]
[demoxml.com/html/nimis/cart.html]
[demoxml.com/html/nimis/images/blog_page2.jpg]
[demoxml.com/html/nimis/images/comment1.png]
[demoxml.com/html/nimis/images/recent_post1.png]
[demoxml.com/html/nimis/images/recent_post2.png]
[demoxml.com/html/nimis/images/recent_post3.png]
[demoxml.com/html/nimis/images/blog-side1.jpg]
[demoxml.com/html/nimis/images/blog-side2.jpg]
[demoxml.com/html/nimis/images/blog-side3.jpg]
[demoxml.com/html/nimis/images/blog-side4.jpg]
[demoxml.com/html/nimis/images/blog-side5.jpg]
[demoxml.com/html/nimis/images/blog-side6.jpg]
[demoxml.com/html/nimis/single-blog.html]
[demoxml.com/html/nimis/contact.html]
[demoxml.com/html/nimis/images/not_found.png]
[demoxml.com/html/nimis/404.html]
[demoxml.com/html/nimis/images/blog_page1.jpg]
[demoxml.com/html/nimis/images/blog_page3.jpg]
[demoxml.com/html/nimis/blog.html]
[demoxml.com/html/nimis/index-3.html]
[demoxml.com/html/nimis/js/rs-plugin/font/revicons90c6.svg]
[demoxml.com/html/nimis/fonts/glyphicons-halflings-regular.html]
[demoxml.com/html/nimis/fonts/glyphicons-halflings-regulard41d.html]
[demoxml.com/html/nimis/fonts/glyphicons-halflings-regular-2.html]
[demoxml.com/html/nimis/fonts/glyphicons-halflings-regular-3.html]
[demoxml.com/html/nimis/fonts/glyphicons-halflings-regular-4.html]
[demoxml.com/html/nimis/fonts/mns_trial-webfont.svg]
